# Meteor packages used by this project, one per line.

# Core Packages
meteor-base@1.5.1             	          # Packages every Meteor app needs to have
mobile-experience@1.1.0       	          # Packages for a great mobile user experience
dynamic-import@0.7.2						          # Runtime support for Meteor 1.5 dynamic import(...) syntax
shell-server@0.5.0							          # Server-side component of the `meteor shell` command
es5-shim@4.8.0               	            # ECMAScript 5 compatibility for older browsers
ecmascript@0.16.1              	          # Enable ECMAScript2015+ syntax in app code
static-html@1.3.2								          # Define static page content in .html files

# JS/Styles minifier
standard-minifier-js@2.8.0    	          # JS minifier run for production mode
standard-minifier-css@1.7.4               # Reduces amount of white-space parsing CSS with ParseCSS

# Reactive
reactive-var@1.0.11                       # Reactive variable for tracker
tracker@1.2.0                 	          # Meteor's client-side reactive programming library
session@1.2.0										          # Session variable. Provides a global object on the client

# Data
mongo@1.13.0                               # The database Meteor supports right now
aldeed:collection2@3.0.0                  # Allows you to attach a schema to a Mongo.Collection
check@1.3.1                               # Package for argument checking and general pattern matching                   
deanius:promise@3.1.3                     # Utilities for Promise-based wrappers, method calls, helpers and HTTP in Meteor

# Vue.js Wrapper Meteor
akryum:vue								          # Integrate Vue with Meteor
akryum:vue-component			          # VueJS single-file components that hot-reloads
# akryum:vue-ssr                      # Vue Server Side Rendering

# Stylus
akryum:vue-stylus					          # Add stylus support for vue components

# Accouns
accounts-password@2.2.0                   # Contains a full system for password-based authentication
accounts-base@2.2.0                       # The basic functions necessary for user accounts and lets other packages register login service
# alanning:roles@1.2.16                     # Authorization package for Meteor

# Security
audit-argument-checks@1.0.7               # This package causes Meteor to require that all arguments passed to methods and publish functions are checked
mdg:validated-method@1.1.0                # Define Meteor methods in a structured way, with mixins
mdg:validation-error@0.5.1                # Validation error to indicate that a method call has failed and the client can fix it by changing specific arguments 
ddp-rate-limiter@1.1.0                    # A rate limiter added directly to DDP that provides an API to add rules to Meteor methods and collections.

# Testing
meteortesting:mocha@1.0.0                 # A Mocha test driver package for Meteor
underscore@1.0.10
ostrio:files
froala:editor
jquery                                    # Helpful client-side library
nathantreid:vue-typescript
nathantreid:vue-typescript-babel
typescript@4.4.1
